# 将系统损坏机器磁盘挂载到新机器上恢复数据

早上有业务反馈客户的一台机器系统损坏了，运维修复不了，客户数据放在系统盘，怎样可以备份数据？我想到最快捷的方式是，新开一台机器给客户使用，再将旧机器的系统盘和数据盘挂载到新机器上面，让客户自行拉取数据到新机器上。

客户新开机器后，通过下面的命令将旧机器的磁盘热挂载到新机器上：

```shell
# 热添加旧机器的系统盘，不开启缓存
virsh attach-disk {新机器名} {旧机器系统盘qcow2文件} vdc --live --cache=none --subdriver=qcow2
# 热添加旧机器的数据盘，不开启缓存
virsh attach-disk {新机器名} {旧机器数据盘qcow2文件} vdd --live --cache=none --subdriver=qcow2
```

热添加硬盘后，在新机器上使用 `fdisk -l`可以看到新硬盘已经添加。

```shell
[root@localhost ~]# fdisk -l

Disk /dev/vda: 26.8 GB, 26843545600 bytes, 52428800 sectors
Units = sectors of 1 * 512 = 512 bytes
Sector size (logical/physical): 512 bytes / 512 bytes
I/O size (minimum/optimal): 512 bytes / 512 bytes
Disk label type: dos
Disk identifier: 0x000c2911

   Device Boot      Start         End      Blocks   Id  System
/dev/vda1   *        2048     2099199     1048576   83  Linux
/dev/vda2         2099200    52428799    25164800   8e  Linux LVM

Disk /dev/vdb: 322.1 GB, 322122547200 bytes, 629145600 sectors
Units = sectors of 1 * 512 = 512 bytes
Sector size (logical/physical): 512 bytes / 512 bytes
I/O size (minimum/optimal): 512 bytes / 512 bytes
Disk label type: dos
Disk identifier: 0x6e18c852

   Device Boot      Start         End      Blocks   Id  System
/dev/vdb1            2048   629143295   314570624   83  Linux

Disk /dev/mapper/centos-root: 23.6 GB, 23618125824 bytes, 46129152 sectors
Units = sectors of 1 * 512 = 512 bytes
Sector size (logical/physical): 512 bytes / 512 bytes
I/O size (minimum/optimal): 512 bytes / 512 bytes

Disk /dev/mapper/centos-swap: 2147 MB, 2147483648 bytes, 4194304 sectors
Units = sectors of 1 * 512 = 512 bytes
Sector size (logical/physical): 512 bytes / 512 bytes
I/O size (minimum/optimal): 512 bytes / 512 bytes

Disk /dev/vdc: 26.8 GB, 26843545600 bytes, 52428800 sectors
Units = sectors of 1 * 512 = 512 bytes
Sector size (logical/physical): 512 bytes / 512 bytes
I/O size (minimum/optimal): 512 bytes / 512 bytes
Disk label type: dos
Disk identifier: 0x000c2911

   Device Boot      Start         End      Blocks   Id  System
/dev/vdc1   *        2048     2099199     1048576   83  Linux
/dev/vdc2         2099200    52428799    25164800   8e  Linux LVM

Disk /dev/vdd: 322.1 GB, 322122547200 bytes, 629145600 sectors
Units = sectors of 1 * 512 = 512 bytes
Sector size (logical/physical): 512 bytes / 512 bytes
I/O size (minimum/optimal): 512 bytes / 512 bytes
Disk label type: dos
Disk identifier: 0xe67df651

   Device Boot      Start         End      Blocks   Id  System
/dev/vdd1            2048   629143295   314570624   83  Linux
```

当我使用 `mount /dev/vdc2 /old-root` 将旧机器的数据盘 `/dev/vdc2` 挂载到 `/old-root` 目录时，提示：`mount: unknown filesystem type 'LVM2_member'`。由于 `/dev/vdc2` 是 `lvm` 文件格式的，直接是挂载不上的，要使用逻辑卷的名称挂载。使用 `lvdisplay` 查看逻辑卷名，提示错误：`duplicate PVs were found`。

```shell
[root@localhost ~]# lvdisplay
  WARNING: Not using lvmetad because duplicate PVs were found.
  WARNING: Use multipath or vgimportclone to resolve duplicate PVs?
  WARNING: After duplicates are resolved, run "pvscan --cache" to enable lvmetad.
  WARNING: Not using device /dev/vdc2 for PV aXUZjJ-T1Ak-Onbc-u1vl-P7Hq-cvzX-J8vm7G.
  WARNING: PV aXUZjJ-T1Ak-Onbc-u1vl-P7Hq-cvzX-J8vm7G prefers device /dev/vda2 because device is used by LV.
  --- Logical volume ---
  LV Path                /dev/centos/swap
  LV Name                swap
  VG Name                centos
  LV UUID                4StdAL-Iu0u-Q20Y-JqG7-MHaI-mfu1-Yu4NYE
  LV Write Access        read/write
  LV Creation host, time localhost, 2019-04-29 10:50:35 +0800
  LV Status              available
  # open                 2
  LV Size                2.00 GiB
  Current LE             512
  Segments               1
  Allocation             inherit
  Read ahead sectors     auto
  - currently set to     8192
  Block device           253:1

  --- Logical volume ---
  LV Path                /dev/centos/root
  LV Name                root
  VG Name                centos
  LV UUID                h4HC79-oXPU-vnH9-QnaT-e8my-pSgz-PsuKpj
  LV Write Access        read/write
  LV Creation host, time localhost, 2019-04-29 10:50:37 +0800
  LV Status              available
  # open                 1
  LV Size                <22.00 GiB
  Current LE             5631
  Segments               1
  Allocation             inherit
  Read ahead sectors     auto
  - currently set to     8192
  Block device           253:0
```

看英文提示的内容，大概意思是有重复的 `pv` 。由于热添加的旧系统磁盘跟新机器的 `lvm` 是一样的，所以导致的重名的问题。使用 `vgimportclone` 将旧机器的磁盘 vg 改名。

```shell
# vgimportclone命令 – 导入并重命名复制的卷组
[root@localhost ~]# vgimportclone -n newcentos /dev/vdc2

[root@localhost ~]# pvscan --cache
[root@localhost ~]# pvs
[root@localhost ~]# vgs
[root@localhost ~]# lvs
  LV   VG        Attr       LSize   Pool Origin Data%  Meta%  Move Log Cpy%Sync Convert
  root centos    -wi-ao---- <22.00g
  swap centos    -wi-ao----   2.00g
  root newcentos -wi------- <22.00g
  swap newcentos -wi-------   2.00g
# 此时“newcentos”的两个lv状态为非active

[root@localhost ~]# vgchange newcentos -ay
[root@localhost ~]# lvdisplay
```

`duplicate PVs were found` 问题处理完成后，使用 `lsblk -f` 查看分区和UUID信息：

```shell
[root@localhost ~]# lsblk -f
NAME            FSTYPE      LABEL UUID                                   MOUNTPOINT
vda
├─vda1          xfs               87d687f2-b5aa-4d5e-af8d-eab56da6b2a6   /boot
└─vda2          LVM2_member       aXUZjJ-T1Ak-Onbc-u1vl-P7Hq-cvzX-J8vm7G
  ├─centos-root xfs               817583ad-8958-4941-b9a0-6663e8936ede   /
  └─centos-swap swap              8a51a359-a241-42f4-8aae-a0115e50b30b   [SWAP]
vdb
└─vdb1          xfs               5d48a362-1140-11ed-b60c-b8ca3a67e4f8   /home
vdc
├─vdc1          xfs               87d687f2-b5aa-4d5e-af8d-eab56da6b2a6
└─vdc2          LVM2_member       ey04rd-Ahpg-dV9e-p8NI-Z6Jh-luXE-o1qNLP
  ├─newcentos-swap swap           8a51a359-a241-42f4-8aae-a0115e50b30b
  └─newcentos-root xfs            817583ad-8958-4941-b9a0-6663e8936ede  
vdd
└─vdd1          xfs               ae90e480-05e9-11ed-a8a9-b82a72d0cf6b
```

从上面我们可以看到 `/dev/vda2` 与 `/dev/vdc2` 的UUID是一样的，我们需要使用 `mount -o nouuid` 进行挂载。

```shell
[root@localhost ~]# mount -o nouuid /dev/newcentos/root /old-root
```

到这里最终将旧机器的磁盘文件挂载到新机器上面。
